Step 1
State 1
Tape contents
112
^
Step 2
State 1
Tape contents
212
 ^
Step 3
State 1
Tape contents
222
  ^
Program completed
Tape contents
2210
   ^
